// Jest Snapshot v1, https://goo.gl/fbAQLP

exports[`has correct style 1`] = `
<Text
  style={
    [
      undefined,
      {
        "fontFamily": "SpaceMono",
      },
    ]
  }
>
  Snapshot test!
</Text>
`;
